SPY done
QQQ done
XLK done
IWM done
EFA done
EEM done
TLT done
GLD done
# Calibration memory: rolling vs expanding — 2026-09-03

Pre-registration: `preregistration.json`. Same universe, folds and execution as the frozen-rule benchmark.


## FULL (cross-ticker medians)

| Arm | Sharpe | MaxDD | Martin | CAGR | Time in | Flips/yr |
|---|---:|---:|---:|---:|---:|---:|
| Buy & hold | 0.41 | -53.2% | 0.49 | 8.0% | 1.00 | 0.0 |
| trend rolling 1260 | 0.38 | -29.0% | 0.59 | 6.1% | 0.59 | 1.7 |
| trend expanding | 0.41 | -32.1% | 0.49 | 6.6% | 0.66 | 1.3 |
| risk rolling 1260 | 0.31 | -37.2% | 0.22 | 4.9% | 0.60 | 0.7 |
| risk expanding | 0.27 | -41.2% | 0.34 | 4.2% | 0.71 | 0.6 |

## E_bear_2018q4 (cross-ticker medians)

| Arm | Sharpe | MaxDD | Martin | CAGR | Time in | Flips/yr |
|---|---:|---:|---:|---:|---:|---:|
| Buy & hold | -0.36 | -17.8% | -0.80 | -6.6% | 1.00 | 0.0 |
| trend rolling 1260 | -1.44 | -4.4% | 14.48 | -2.4% | 0.30 | 2.1 |
| trend expanding | -1.68 | -7.5% | -1.14 | -6.7% | 0.22 | 0.0 |
| risk rolling 1260 | -1.10 | -9.3% | -0.80 | -6.0% | 0.43 | 1.0 |
| risk expanding | -0.54 | -17.8% | -1.07 | -10.3% | 1.00 | 0.0 |

## X_2020_covid (cross-ticker medians)

| Arm | Sharpe | MaxDD | Martin | CAGR | Time in | Flips/yr |
|---|---:|---:|---:|---:|---:|---:|
| Buy & hold | 0.80 | -31.4% | 2.21 | 23.7% | 1.00 | 0.0 |
| trend rolling 1260 | 0.96 | -17.2% | 2.06 | 19.5% | 0.82 | 2.2 |
| trend expanding | 0.91 | -19.1% | 2.80 | 18.5% | 0.95 | 1.1 |
| risk rolling 1260 | -0.57 | -7.9% | -0.41 | -3.9% | 0.13 | 1.1 |
| risk expanding | -0.94 | -29.9% | -0.88 | -21.3% | 0.16 | 1.1 |

## B_bear_2022 (cross-ticker medians)

| Arm | Sharpe | MaxDD | Martin | CAGR | Time in | Flips/yr |
|---|---:|---:|---:|---:|---:|---:|
| Buy & hold | -0.82 | -30.7% | -1.19 | -20.6% | 1.00 | 0.0 |
| trend rolling 1260 | -1.39 | -3.2% | inf | 0.2% | 0.02 | 0.5 |
| trend expanding | -1.25 | -10.1% | -0.74 | -6.9% | 0.13 | 1.5 |
| risk rolling 1260 | -0.85 | 0.0% | inf | 1.3% | 0.00 | 0.0 |
| risk expanding | -0.91 | -19.2% | -0.83 | -8.5% | 0.35 | 1.0 |

## K_bull_2013_14 (cross-ticker medians)

| Arm | Sharpe | MaxDD | Martin | CAGR | Time in | Flips/yr |
|---|---:|---:|---:|---:|---:|---:|
| Buy & hold | 0.93 | -13.3% | 3.59 | 13.7% | 1.00 | 0.0 |
| trend rolling 1260 | 1.05 | -7.3% | 4.48 | 11.4% | 0.73 | 0.8 |
| trend expanding | 1.01 | -8.1% | 5.77 | 10.5% | 0.93 | 0.2 |
| risk rolling 1260 | 0.93 | -13.3% | 3.59 | 13.7% | 1.00 | 0.0 |
| risk expanding | 1.14 | -10.5% | 5.75 | 13.3% | 1.00 | 0.0 |

## A_bull_2021 (cross-ticker medians)

| Arm | Sharpe | MaxDD | Martin | CAGR | Time in | Flips/yr |
|---|---:|---:|---:|---:|---:|---:|
| Buy & hold | 0.82 | -11.6% | 3.83 | 13.0% | 1.00 | 0.0 |
| trend rolling 1260 | 0.80 | -10.0% | 3.34 | 12.8% | 0.91 | 1.0 |
| trend expanding | 0.82 | -10.0% | 3.83 | 13.0% | 1.00 | 0.0 |
| risk rolling 1260 | -0.12 | 0.0% | -0.40 | 0.0% | 0.00 | 0.0 |
| risk expanding | 0.56 | -7.0% | 2.51 | 3.2% | 0.52 | 1.0 |

## C_mixed_2023_24 (cross-ticker medians)

| Arm | Sharpe | MaxDD | Martin | CAGR | Time in | Flips/yr |
|---|---:|---:|---:|---:|---:|---:|
| Buy & hold | 0.74 | -13.5% | 3.78 | 16.8% | 1.00 | 0.0 |
| trend rolling 1260 | 0.21 | -10.9% | 1.77 | 7.0% | 0.61 | 2.5 |
| trend expanding | 0.54 | -11.8% | 4.17 | 11.5% | 0.72 | 1.0 |
| risk rolling 1260 | 0.48 | -13.1% | 2.97 | 12.6% | 0.73 | 0.5 |
| risk expanding | 0.67 | -11.5% | 4.42 | 14.5% | 0.75 | 0.5 |

## D_recent_2025plus (cross-ticker medians)

| Arm | Sharpe | MaxDD | Martin | CAGR | Time in | Flips/yr |
|---|---:|---:|---:|---:|---:|---:|
| Buy & hold | 0.90 | -20.8% | 4.28 | 24.8% | 1.00 | 0.0 |
| trend rolling 1260 | 1.04 | -13.4% | 4.73 | 24.2% | 0.91 | 1.2 |
| trend expanding | 0.83 | -18.9% | 3.52 | 22.5% | 0.98 | 1.2 |
| risk rolling 1260 | 0.51 | -16.9% | 1.63 | 12.9% | 0.74 | 1.8 |
| risk expanding | 0.41 | -16.9% | 1.36 | 12.0% | 0.72 | 1.2 |

## Per-ticker full-OOS (Sharpe / Martin / MaxDD)

| Ticker | trend rolling 1260 | trend expanding | risk rolling 1260 | risk expanding |
|---|---:|---:|---:|---:|
| SPY | 0.63 / 1.71 / -19% | 0.52 / 1.13 / -28% | 0.44 / 0.91 / -32% | 0.34 / 0.48 / -30% |
| QQQ | 0.85 / 2.49 / -19% | 0.75 / 1.38 / -34% | 0.64 / 1.67 / -23% | 0.48 / 0.51 / -45% |
| XLK | 0.67 / 1.59 / -29% | 0.70 / 1.33 / -32% | 0.59 / 1.52 / -26% | 0.32 / 0.29 / -43% |
| IWM | 0.38 / 0.68 / -29% | 0.40 / 0.65 / -29% | 0.27 / 0.22 / -49% | 0.17 / 0.12 / -51% |
| EFA | 0.32 / 0.50 / -26% | 0.22 / 0.26 / -33% | 0.11 / 0.08 / -50% | 0.10 / 0.10 / -36% |
| EEM | 0.29 / 0.24 / -36% | 0.21 / 0.15 / -39% | 0.15 / 0.14 / -43% | 0.19 / 0.14 / -44% |
| TLT | 0.16 / 0.17 / -31% | 0.14 / 0.16 / -33% | 0.05 / 0.16 / -21% | 0.23 / 0.54 / -15% |
| GLD | 0.37 / 0.29 / -33% | 0.41 / 0.34 / -27% | 0.34 / 0.21 / -43% | 0.49 / 0.39 / -39% |

## Pre-registered decision rule


**trend expanding vs trend rolling 1260: RETIRE** — ΔMartin -0.17 (CI [-0.58, -0.02]), wins 1/8; ΔSharpe -0.05 (CI [-0.10, +0.02]), wins 3/8; ΔMaxDD -3.2% (better 2/8); bleed condition FAIL.
- E_bear_2018q4: both mostly flat (time-in 0.22 vs 0.30); MaxDD -7.5% vs -4.4% reported only
- X_2020_covid: MaxDD -19.1% vs -17.2%; Sharpe 0.91 vs 0.96
- B_bear_2022: both mostly flat (time-in 0.13 vs 0.02); MaxDD -10.1% vs -3.2% reported only
- K_bull_2013_14: bleed vs B&H -0.08 (expanding) vs -0.12 (rolling) ok; time-in 0.93 vs 0.73
- A_bull_2021: bleed vs B&H +0.00 (expanding) vs +0.02 (rolling) ok; time-in 1.00 vs 0.91
- C_mixed_2023_24: bleed vs B&H +0.20 (expanding) vs +0.53 (rolling) ok; time-in 0.72 vs 0.61
- D_recent_2025plus: bleed vs B&H +0.08 (expanding) vs -0.14 (rolling) FAIL; time-in 0.98 vs 0.91

**risk expanding vs risk rolling 1260: RETIRE (diagnostic model under D1; not a promotion)** — ΔMartin -0.04 (CI [-0.83, +0.18]), wins 4/8; ΔSharpe -0.06 (CI [-0.16, +0.11]), wins 3/8; ΔMaxDD +0.2% (better 4/8); bleed condition pass.
- E_bear_2018q4: both mostly flat (time-in 1.00 vs 0.43); MaxDD -17.8% vs -9.3% reported only
- X_2020_covid: both mostly flat (time-in 0.16 vs 0.13); MaxDD -29.9% vs -7.9% reported only
- B_bear_2022: both mostly flat (time-in 0.35 vs 0.00); MaxDD -19.2% vs 0.0% reported only
- K_bull_2013_14: bleed vs B&H -0.21 (expanding) vs +0.00 (rolling) ok; time-in 1.00 vs 1.00
- A_bull_2021: bleed vs B&H +0.26 (expanding) vs +0.94 (rolling) ok; time-in 0.52 vs 0.00
- C_mixed_2023_24: bleed vs B&H +0.06 (expanding) vs +0.26 (rolling) ok; time-in 0.75 vs 0.73
- D_recent_2025plus: bleed vs B&H +0.49 (expanding) vs +0.39 (rolling) ok; time-in 0.72 vs 0.74

## Named diagnostics

- SPY risk rolling 1260: time-in 2019–2022 = 0.00; by year 2019: 0.00, 2020: 0.00, 2021: 0.00, 2022: 0.00
- SPY risk expanding: time-in 2019–2022 = 0.41; by year 2019: 0.65, 2020: 0.21, 2021: 0.53, 2022: 0.27
- trend rolling 1260: median off-fraction 2023–24 = 0.39
- trend expanding: median off-fraction 2023–24 = 0.28
- TLT risk rolling 1260: time-in 2022–2026 = 0.48
- TLT risk expanding: time-in 2022–2026 = 0.17
- TLT trend rolling 1260: time-in 2022–2026 = 0.36
- TLT trend expanding: time-in 2022–2026 = 0.19

## Attribution: US vs ex-US (full-OOS median ΔSharpe, expanding − rolling)

| Model | US | ex-US |
|---|---:|---:|
| trend | -0.04 | -0.05 |
| risk | -0.13 | +0.09 |
